exports[`ASPage component renders expected DOM 1`] = `
<div>
  <div
    className="row">
    <div
      className="panel panel-default container">
      <Connect(ASPerformance)
        view={Object {}} />
    </div>
  </div>
  <div
    className="row">
    <div
      className="panel panel-default container">
      <Connect(ASPerformance)
        view={Object {}} />
    </div>
  </div>
  <button
    className="btn btn-primary-black btn-lg"
    onClick={[Function]}
    type="button">
    Download Data in CSV
  </button>
</div>
`;
