exports[`ASPage component renders expected DOM 1`] = `
<div>
  <div
    className="row">
    <div
      className="col-md-6 panel panel-default">
      <Connect(ASPerformance)
        view={Object {}} />
    </div>
  </div>
  <div
    className="row">
    <div
      className="col-md-6 panel panel-default">
      <Connect(ASPerformance)
        view={Object {}} />
    </div>
  </div>
</div>
`;
