exports[`ChoroplethMap component render PlotlyGraph component with expected props 1`] = `
<div>
  <PlotlyGraph
    data={
      Array [
        Object {
          "autocolorscale": false,
          "colorbar": Object {
            "len": 0.5,
            "thickness": 5,
          },
          "colorscale": Array [
            Array [
              0,
              "rgba(122, 184, 0, 0.7)",
            ],
            Array [
              "0.111111111111",
              "rgba(147, 189, 12, 0.7)",
            ],
            Array [
              "0.222222222222",
              "rgba(172, 194, 25, 0.7)",
            ],
            Array [
              "0.333333333333",
              "rgba(197, 199, 38, 0.7)",
            ],
            Array [
              "0.444444444444",
              "rgba(223, 204, 51, 0.7)",
            ],
            Array [
              "0.555555555556",
              "rgba(238, 186, 53, 0.7)",
            ],
            Array [
              "0.666666666667",
              "rgba(242, 140, 40, 0.7)",
            ],
            Array [
              "0.777777777778",
              "rgba(246, 95, 27, 0.7)",
            ],
            Array [
              "0.888888888889",
              "rgba(250, 49, 14, 0.7)",
            ],
            Array [
              1,
              "rgba(250, 0, 0, 0.7)",
            ],
          ],
          "hoverinfo": "text",
          "locationmode": "country names",
          "locations": Array [],
          "text": Array [],
          "type": "choropleth",
          "z": Array [],
        },
      ]
    }
    graphID="ChoroplethMap"
    graphOptions={
      Object {
        "geo": Object {
          "projection": Object {
            "type": "equirectangular",
          },
          "showcoastlines": false,
          "showcountries": true,
          "showframe": false,
        },
        "height": 600,
        "margin": Object {
          "b": 0,
          "l": 0,
          "r": 0,
          "t": 0,
        },
      }
    } />
  <div>
    Level of risk posed to others on selected risk on a scale from 0-100 (100=worst). For more on data sources, calculations and terms see
    <a
      href="">
      Glossary and data page
    </a>
  </div>
  <div
    className="row">
    <div
      className="col-sm-2 col-sm-offset-5"
      title="Select a risk">
      <Select
        addLabelText="Add \"{label}\"?"
        arrowRenderer={[Function]}
        autosize={true}
        backspaceRemoves={true}
        backspaceToRemoveMessage="Press backspace to remove {label}"
        clearAllText="Clear all"
        clearRenderer={[Function]}
        clearValueText="Clear value"
        clearable={false}
        deleteRemoves={true}
        delimiter=","
        disabled={false}
        escapeClearsValue={true}
        filterOptions={[Function]}
        ignoreAccents={true}
        ignoreCase={true}
        inputProps={Object {}}
        isLoading={false}
        joinValues={false}
        labelKey="label"
        matchPos="any"
        matchProp="any"
        menuBuffer={0}
        menuRenderer={[Function]}
        multi={false}
        name="riskToShow"
        noResultsText="No results found"
        onBlurResetsInput={true}
        onChange={[Function]}
        onCloseResetsInput={true}
        openAfterFocus={false}
        optionComponent={[Function]}
        options={
          Array [
            Object {
              "label": "Open DNS",
              "value": 1,
            },
            Object {
              "label": "Open NTP",
              "value": 2,
            },
          ]
        }
        pageSize={5}
        placeholder="Select..."
        required={false}
        scrollMenuIntoView={true}
        searchable={true}
        simpleValue={false}
        tabSelectsValue={true}
        value={100}
        valueComponent={[Function]}
        valueKey="value" />
    </div>
  </div>
</div>
`;
