exports[`CountryPage components test 1`] = `
<div>
  <div
    className="row">
    <div
      className="col-md-6 panel panel-default">
      <Connect(CountryPerformanceOnRisk)
        view={Object {}}
        viewId="gb/1" />
    </div>
  </div>
  <div
    className="row">
    <div
      className="col-md-6 panel panel-default">
      <Connect(CountryPerformanceOnRisk)
        view={Object {}}
        viewId="us/1" />
    </div>
  </div>
</div>
`;
