exports[`Components are working fine Renders expected DOM 1`] = `
<div
  className="graph-div">
  <div
    className="row">
    <div
      className="col-sm-11">
      <h3>
        OPEN DNS
           |  
        UNITED KINGDOM
      </h3>
    </div>
    <div
      className="col-sm-1" />
  </div>
  <PlotlyGraph
    data={Array []}
    graphOptions={
      Object {
        "font": Object {
          "color": "#7f7f7f",
          "size": 9,
        },
        "height": 200,
        "legend": Object {
          "x": 0,
          "y": 1,
        },
        "margin": Object {
          "b": 30,
          "l": 40,
          "r": 30,
          "t": 0,
        },
        "xaxis": Object {
          "gridcolor": "transparent",
        },
        "yaxis": Object {
          "title": undefined,
        },
      }
    } />
  <form
    className="radio-form">
    <label
      className="radio-inline">
      <input
        checked={true}
        onChange={[Function]}
        type="radio"
        value="count_normalized" />
      Simple counts
    </label>
    <label
      className="radio-inline">
      <input
        checked={false}
        onChange={[Function]}
        type="radio"
        value="count_normalized" />
      Trend
    </label>
  </form>
</div>
`;

exports[`Country Select component Dropdown is there 1`] = `
<div
  className="Select-div">
  <Select
    addLabelText="Add \"{label}\"?"
    arrowRenderer={[Function]}
    autosize={true}
    backspaceRemoves={true}
    backspaceToRemoveMessage="Press backspace to remove {label}"
    clearAllText="Clear all"
    clearRenderer={[Function]}
    clearValueText="Clear value"
    clearable={false}
    deleteRemoves={true}
    delimiter=","
    disabled={false}
    escapeClearsValue={true}
    filterOptions={[Function]}
    ignoreAccents={true}
    ignoreCase={true}
    inputProps={Object {}}
    isLoading={false}
    joinValues={false}
    labelKey="label"
    matchPos="any"
    matchProp="any"
    menuBuffer={0}
    menuRenderer={[Function]}
    multi={false}
    name="countries"
    noResultsText="No results found"
    onBlurResetsInput={true}
    onChange={[Function]}
    onCloseResetsInput={true}
    onInputChange={[Function]}
    openAfterFocus={false}
    optionComponent={[Function]}
    optionRenderer={[Function]}
    options={
      Array [
        Object {
          "label": "Select a country",
          "value": "",
        },
        Object {
          "label": "Global",
          "value": "t",
        },
        Object {
          "label": "Georgia",
          "value": "ge",
        },
      ]
    }
    pageSize={5}
    placeholder="Select..."
    required={false}
    scrollMenuIntoView={true}
    searchable={true}
    simpleValue={false}
    tabSelectsValue={true}
    value={
      Object {
        "label": "Select a country",
        "value": "",
      }
    }
    valueComponent={[Function]}
    valueKey="value" />
</div>
`;
