exports[`CountryPage components test 1`] = `
<div>
  <div>
    <Connect(CountryPerformanceOnRisk)
      view={Object {}}
      viewId="gb/1" />
    <SourceOfInfection
      view={Object {}}
      viewId="gb/10" />
  </div>
  <div>
    <Connect(CountryPerformanceOnRisk)
      view={Object {}}
      viewId="us/1" />
    <SourceOfInfection
      view={Object {}}
      viewId="us/11" />
  </div>
</div>
`;
