exports[`Component is working Renders expected DOM 1`] = `
<div>
  <PlotlyGraph
    data={Array []}
    graphID="global/ddos"
    graphOptions={
      Object {
        "annotations": Array [
          Object {
            "legendtitle": true,
            "showarrow": false,
            "text": "Risks",
            "x": 1.056,
            "xanchor": "left",
            "xref": "paper",
            "y": 0.99,
            "yanchor": "bottom",
            "yref": "paper",
          },
        ],
        "barmode": "stack",
        "height": 600,
        "xaxis": Object {
          "gridcolor": "transparent",
        },
        "yaxis": Object {
          "title": undefined,
        },
      }
    } />
</div>
`;
